<html>
<body>
<pre>
<h1>µVision Build Log</h1>
<h2>Tool Versions:</h2>
IDE-Version: ¦ÌVision V5.25.1.0
Copyright (C) 2018 ARM Ltd and ARM Germany GmbH. All rights reserved.
License Information: 0 0, 0, LIC=BUUCX-HUKTG-0NDAM-XUF85-19VMT-AEG38
 
Tool Versions:
Toolchain:       MDK-ARM Plus  Version: 5.25.1.0
Toolchain Path:  D:\STM32\keil\ARM\ARMCC\Bin
C Compiler:      Armcc.exe V5.06 update 6 (build 750)
Assembler:       Armasm.exe V5.06 update 6 (build 750)
Linker/Locator:  ArmLink.exe V5.06 update 6 (build 750)
Library Manager: ArmAr.exe V5.06 update 6 (build 750)
Hex Converter:   FromElf.exe V5.06 update 6 (build 750)
CPU DLL:         SARMCM3.DLL V5.25.1.0
Dialog DLL:      DCM.DLL V1.17.0.0
Target DLL:      STLink\ST-LINKIII-KEIL_SWO.dll V3.0.1.0
Dialog DLL:      TCM.DLL V1.34.0.0
 
<h2>Project:</h2>
D:\Work\E311\Keil_Proj\STM32H743\USER\DMA.uvprojx
Project File Date:  01/13/2019

<h2>Output:</h2>
*** Using Compiler 'V5.06 update 6 (build 750)', folder: 'D:\STM32\keil\ARM\ARMCC\Bin'
Build target 'DMA'
compiling audio.c...
..\Bsp\jx_audio\audio.c(135): warning:  #177-D: variable "i"  was declared but never referenced
  	uint8_t i;
..\Bsp\jx_audio\audio.c(417): warning:  #111-D: statement is unreachable
  	if(JX_Audio_AnalyticalData(music_data_pointer))
..\Bsp\jx_audio\audio.c: 2 warnings, 0 errors
linking...
Program Size: Code=24410 RO-data=67366 RW-data=36 ZI-data=43444  
FromELF: creating hex file...
"..\OBJ\Template.axf" - 0 Error(s), 2 Warning(s).

<h2>Software Packages used:</h2>

Package Vendor: Keil
                http://www.keil.com/pack/Keil.STM32H7xx_DFP.2.2.0.pack
                Keil.STM32H7xx_DFP.2.2.0
                STMicroelectronics STM32H7 Series Device Support and Examples

<h2>Collection of Component include folders:</h2>
  .\RTE\_DMA
  D:\STM32\keil\ARM\PACK\Keil\STM32H7xx_DFP\2.2.0\Drivers\CMSIS\Device\ST\STM32H7xx\Include

<h2>Collection of Component Files used:</h2>
Build Time Elapsed:  00:00:26
</pre>
</body>
</html>
